// Jest Snapshot v1, https://goo.gl/fbAQLP

exports[`Prueba en <Navbar/> debe mostrarse correctamente 1`] = `
<nav
  className="navbar navbar-expand-sm navbar-dark bg-dark"
>
  <div
    className="container-fluid"
  >
    <a
      className="navbar-brand"
      href="/"
      onClick={[Function]}
    >
      Asociaciones
    </a>
    <div
      className="collapse navbar-collapse"
      id="navbarNavAltMarkup"
    >
      <div
        className="navbar-nav"
      >
        <a
          className="nav-link"
          href="/marvel"
          onClick={[Function]}
        >
          Marvel
        </a>
        <a
          className="nav-link"
          href="/dc"
          onClick={[Function]}
        >
          DC
        </a>
        <a
          className="nav-link"
          href="/search"
          onClick={[Function]}
        >
          Search
        </a>
      </div>
    </div>
  </div>
  <div
    className="navbar-collapse collapse w-100 order-3 dual-collapse2"
  >
    <ul
      className="navbar-nav ms-auto"
    >
      <span
        className="nav-item nav-link text-info"
      >
        Pepe
      </span>
      <button
        className="nav-link nav-item btn"
        onClick={[Function]}
      >
        Logout
      </button>
    </ul>
  </div>
</nav>
`;
